
> midwest-underground@0.1.0 test
> vitest run tests/unit/services/tickets.test.ts


[1m[46m RUN [49m[22m [36mv4.0.15 [39m[90mC:/Users/Owner/Desktop/MU[39m

[90mstdout[2m | tests/unit/services/tickets.test.ts[2m > [22m[2mTicketsService[2m > [22m[2mparseTicketEmail[2m > [22m[2mshould parse a valid ticket email
[22m[39mParsed Result JSON: {
  "ticketNumber": "24000000-000001",
  "type": "NORMAL",
  "submittedAt": "2024-05-01T13:00:00.000Z",
  "workToBeginDate": "2024-05-03T13:00:00.000Z",
  "expirationDate": "2024-05-20T13:00:00.000Z",
  "company": "ACME Construction",
  "caller": "John Doe",
  "phone": "555-0100",
  "workSiteAddress": "123 Main St\nMinneapolis, MN 55401",
  "county": "",
  "utilitiesNotified": "Xcel Energy\nCenterPoint Energy\nView Ticket"
}

 [31mΓ¥»[39m tests/unit/services/tickets.test.ts [2m([22m[2m3 tests[22m[2m | [22m[31m1 failed[39m[2m)[22m[32m 18[2mms[22m[39m
       [32mΓ£ô[39m should create a ticket with default values[32m 6[2mms[22m[39m
[31m       [31m├ù[31m should parse a valid ticket email[39m[32m 10[2mms[22m[39m
       [32mΓ£ô[39m should return null for invalid email[32m 0[2mms[22m[39m

ΓÄ»ΓÄ»ΓÄ»ΓÄ»ΓÄ»ΓÄ»ΓÄ» Failed Tests 1 ΓÄ»ΓÄ»ΓÄ»ΓÄ»ΓÄ»ΓÄ»ΓÄ»

 FAIL  tests/unit/services/tickets.test.ts > TicketsService > parseTicketEmail > should parse a valid ticket email
AssertionError: expected '' to be 'Hennepin' // Object.is equality

- Expected
+ Received

- Hennepin

 Γ¥» tests/unit/services/tickets.test.ts:79:36
     77|             expect(result?.caller).toBe('John Doe');
     78|             expect(result?.phone).toBe('555-0100');
     79|             expect(result?.county).toBe('Hennepin');
       |                                    ^
     80|             expect(result?.utilitiesNotified).toMatch(/Xcel Energy/);
     81|             expect(result?.utilitiesNotified).toBe('DEBUG_VALUE');

ΓÄ»ΓÄ»ΓÄ»ΓÄ»ΓÄ»ΓÄ»ΓÄ»ΓÄ»ΓÄ»ΓÄ»ΓÄ»ΓÄ»ΓÄ»ΓÄ»ΓÄ»ΓÄ»ΓÄ»ΓÄ»ΓÄ»ΓÄ»ΓÄ»ΓÄ»ΓÄ»ΓÄ»[1/1]ΓÄ»


[2m Test Files [22m [1m[31m1 failed[39m[22m[90m (1)[39m
[2m      Tests [22m [1m[31m1 failed[39m[22m[2m | [22m[1m[32m2 passed[39m[22m[90m (3)[39m
[2m   Start at [22m 23:20:17
[2m   Duration [22m 1.73s[2m (transform 91ms, setup 0ms, import 120ms, tests 18ms, environment 1.04s)[22m

