src/actions/estimating.ts(18,58): error TS2339: Property 'errors' does not exist on type 'ZodError<{ name: string; customerName?: string | undefined; projectId?: string | undefined; }>'.
src/actions/estimating.ts(37,58): error TS2339: Property 'errors' does not exist on type 'ZodError<{ name: string; items: { description: string; quantity: number; unit: string; unitCost: number; markup: number; laborCost: number; equipmentCost: number; materialCost: number; }[]; }>'.
src/actions/estimating.ts(62,58): error TS2339: Property 'errors' does not exist on type 'ZodError<{ name?: string | undefined; description?: string | undefined; customerName?: string | undefined; customerEmail?: string | undefined; customerPhone?: string | undefined; status?: "DRAFT" | ... 4 more ... | undefined; ... 7 more ...; terms?: string | undefined; }>'.
src/actions/estimating.ts(82,58): error TS2339: Property 'errors' does not exist on type 'ZodError<{ description: string; quantity: number; unit: string; unitCost: number; markup: number; laborCost: number; equipmentCost: number; materialCost: number; }>'.
src/actions/estimating.ts(105,58): error TS2339: Property 'errors' does not exist on type 'ZodError<{ id: string; description?: string | undefined; quantity?: number | undefined; unit?: string | undefined; unitCost?: number | undefined; markup?: number | undefined; laborCost?: number | undefined; equipmentCost?: number | undefined; materialCost?: number | undefined; }>'.
src/components/216d/DamageForm.tsx(10,29): error TS2307: Cannot find module '@hookform/resolvers/zod' or its corresponding type declarations.
src/components/216d/RemarkForm.tsx(10,29): error TS2307: Cannot find module '@hookform/resolvers/zod' or its corresponding type declarations.
src/components/811/ManualTicketForm.tsx(14,29): error TS2307: Cannot find module '@hookform/resolvers/zod' or its corresponding type declarations.
src/components/811/ManualTicketForm.tsx(26,26): error TS2307: Cannot find module '@/components/ui/checkbox' or its corresponding type declarations.
src/components/assets/AssetFormDialog.tsx(11,29): error TS2307: Cannot find module '@hookform/resolvers/zod' or its corresponding type declarations.
src/components/DailyReportForm.tsx(7,29): error TS2307: Cannot find module '@hookform/resolvers/zod' or its corresponding type declarations.
src/components/expenses/ExpenseForm.tsx(11,29): error TS2307: Cannot find module '@hookform/resolvers/zod' or its corresponding type declarations.
src/components/RodPassForm.tsx(7,29): error TS2307: Cannot find module '@hookform/resolvers/zod' or its corresponding type declarations.
src/components/ui/EmptyState.tsx(14,23): error TS2322: Type 'string' is not assignable to type 'never'.
src/lib/drilling/math/collision.test.ts(4,41): error TS2307: Cannot find module '../../types' or its corresponding type declarations.
src/services/tickets.ts(14,13): error TS2322: Type '{ utilitiesNotified: string; projectId: string | undefined; ticketNumber: string; type: string; status: "CLOSED" | "PENDING" | "ACTIVE" | "EXPIRED"; expirationDate: Date; submittedAt?: Date | undefined; ... 5 more ...; county?: string | undefined; }' is not assignable to type '(Without<Ticket811CreateInput, Ticket811UncheckedCreateInput> & Ticket811UncheckedCreateInput) | (Without<...> & Ticket811CreateInput)'.
  Type '{ utilitiesNotified: string; projectId: string | undefined; ticketNumber: string; type: string; status: "CLOSED" | "PENDING" | "ACTIVE" | "EXPIRED"; expirationDate: Date; submittedAt?: Date | undefined; ... 5 more ...; county?: string | undefined; }' is not assignable to type 'Without<Ticket811UncheckedCreateInput, Ticket811CreateInput> & Ticket811CreateInput'.
    Type '{ utilitiesNotified: string; projectId: string | undefined; ticketNumber: string; type: string; status: "CLOSED" | "PENDING" | "ACTIVE" | "EXPIRED"; expirationDate: Date; submittedAt?: Date | undefined; ... 5 more ...; county?: string | undefined; }' is not assignable to type 'Without<Ticket811UncheckedCreateInput, Ticket811CreateInput>'.
      Types of property 'projectId' are incompatible.
        Type 'string | undefined' is not assignable to type 'undefined'.
          Type 'string' is not assignable to type 'undefined'.
tests/e2e/811-flow.spec.ts(1,30): error TS2307: Cannot find module '@playwright/test' or its corresponding type declarations.
tests/e2e/811-flow.spec.ts(4,63): error TS7031: Binding element 'page' implicitly has an 'any' type.
tests/e2e/811-flow.spec.ts(17,52): error TS7031: Binding element 'page' implicitly has an 'any' type.
tests/e2e/811-flow.spec.ts(30,74): error TS7031: Binding element 'page' implicitly has an 'any' type.
tests/unit/services/estimating.test.ts(75,61): error TS2345: Argument of type '{ description: string; quantity: number; unit: string; unitCost: number; markup: number; }' is not assignable to parameter of type '{ description: string; quantity: number; unit: string; unitCost: number; markup: number; laborCost: number; equipmentCost: number; materialCost: number; }'.
  Type '{ description: string; quantity: number; unit: string; unitCost: number; markup: number; }' is missing the following properties from type '{ description: string; quantity: number; unit: string; unitCost: number; markup: number; laborCost: number; equipmentCost: number; materialCost: number; }': laborCost, equipmentCost, materialCost
tests/unit/services/estimating.test.ts(113,91): error TS2322: Type '{ description: string; quantity: number; unit: string; unitCost: number; }[]' is not assignable to type '{ description: string; quantity: number; unit: string; unitCost: number; markup: number; laborCost: number; equipmentCost: number; materialCost: number; }[]'.
  Type '{ description: string; quantity: number; unit: string; unitCost: number; }' is missing the following properties from type '{ description: string; quantity: number; unit: string; unitCost: number; markup: number; laborCost: number; equipmentCost: number; materialCost: number; }': markup, laborCost, equipmentCost, materialCost
